../Drivers/STM32G4xx_HAL_Driver/Inc/stm32g4xx_ll_bus.h:1427:22:LL_APB2_GRP1_EnableClock	24	static
../Drivers/STM32G4xx_HAL_Driver/Inc/stm32g4xx_ll_bus.h:1503:22:LL_APB2_GRP1_DisableClock	16	static
../Drivers/STM32G4xx_HAL_Driver/Inc/stm32g4xx_ll_tim.h:2023:22:LL_TIM_EnableCounter	16	static
../Drivers/STM32G4xx_HAL_Driver/Inc/stm32g4xx_ll_tim.h:2163:22:LL_TIM_SetCounterMode	16	static
../Drivers/STM32G4xx_HAL_Driver/Inc/stm32g4xx_ll_tim.h:2320:22:LL_TIM_SetPrescaler	16	static
../Drivers/STM32G4xx_HAL_Driver/Inc/stm32g4xx_ll_tim.h:2331:26:LL_TIM_GetPrescaler	16	static
../Drivers/STM32G4xx_HAL_Driver/Inc/stm32g4xx_ll_tim.h:2349:22:LL_TIM_SetAutoReload	16	static
../Drivers/STM32G4xx_HAL_Driver/Inc/stm32g4xx_ll_tim.h:2758:22:LL_TIM_OC_SetMode	32	static
../Drivers/STM32G4xx_HAL_Driver/Inc/stm32g4xx_ll_tim.h:2835:22:LL_TIM_OC_SetPolarity	32	static
../Drivers/STM32G4xx_HAL_Driver/Inc/stm32g4xx_ll_tim.h:3217:22:LL_TIM_OC_SetCompareCH1	16	static
../Drivers/STM32G4xx_HAL_Driver/Inc/stm32g4xx_ll_tim.h:3235:22:LL_TIM_OC_SetCompareCH2	16	static
../Drivers/STM32G4xx_HAL_Driver/Inc/stm32g4xx_ll_tim.h:3253:22:LL_TIM_OC_SetCompareCH3	16	static
../Drivers/STM32G4xx_HAL_Driver/Inc/stm32g4xx_ll_tim.h:3271:22:LL_TIM_OC_SetCompareCH4	16	static
../Drivers/STM32G4xx_HAL_Driver/Inc/stm32g4xx_ll_tim.h:5477:22:LL_TIM_ClearFlag_CC1	16	static
../Drivers/STM32G4xx_HAL_Driver/Inc/stm32g4xx_ll_tim.h:5488:26:LL_TIM_IsActiveFlag_CC1	16	static
../Drivers/STM32G4xx_HAL_Driver/Inc/stm32g4xx_ll_tim.h:5499:22:LL_TIM_ClearFlag_CC2	16	static
../Drivers/STM32G4xx_HAL_Driver/Inc/stm32g4xx_ll_tim.h:5510:26:LL_TIM_IsActiveFlag_CC2	16	static
../Drivers/STM32G4xx_HAL_Driver/Inc/stm32g4xx_ll_tim.h:5521:22:LL_TIM_ClearFlag_CC3	16	static
../Drivers/STM32G4xx_HAL_Driver/Inc/stm32g4xx_ll_tim.h:5532:26:LL_TIM_IsActiveFlag_CC3	16	static
../Drivers/STM32G4xx_HAL_Driver/Inc/stm32g4xx_ll_tim.h:5543:22:LL_TIM_ClearFlag_CC4	16	static
../Drivers/STM32G4xx_HAL_Driver/Inc/stm32g4xx_ll_tim.h:5554:26:LL_TIM_IsActiveFlag_CC4	16	static
../Middlewares/ST/STM32_USBPD_Library/Devices/STM32G4XX/src/usbpd_timersserver.c:47:6:USBPD_TIM_Init	16	static
../Middlewares/ST/STM32_USBPD_Library/Devices/STM32G4XX/src/usbpd_timersserver.c:91:6:USBPD_TIM_DeInit	8	static
../Middlewares/ST/STM32_USBPD_Library/Devices/STM32G4XX/src/usbpd_timersserver.c:106:6:USBPD_TIM_Start	16	static
../Middlewares/ST/STM32_USBPD_Library/Devices/STM32G4XX/src/usbpd_timersserver.c:133:10:USBPD_TIM_IsExpired	24	static
