../Core/Src/stm32g4xx_it.c:72:6:NMI_Handler	4	static
../Core/Src/stm32g4xx_it.c:87:6:HardFault_Handler	4	static
../Core/Src/stm32g4xx_it.c:102:6:MemManage_Handler	4	static
../Core/Src/stm32g4xx_it.c:117:6:BusFault_Handler	4	static
../Core/Src/stm32g4xx_it.c:132:6:UsageFault_Handler	4	static
../Core/Src/stm32g4xx_it.c:147:6:SVC_Handler	4	static
../Core/Src/stm32g4xx_it.c:160:6:DebugMon_Handler	4	static
../Core/Src/stm32g4xx_it.c:173:6:PendSV_Handler	4	static
../Core/Src/stm32g4xx_it.c:186:6:SysTick_Handler	8	static
../Core/Src/stm32g4xx_it.c:208:6:DMA1_Channel1_IRQHandler	4	static
../Core/Src/stm32g4xx_it.c:222:6:DMA1_Channel2_IRQHandler	4	static
../Core/Src/stm32g4xx_it.c:236:6:DMA1_Channel3_IRQHandler	8	static
../Core/Src/stm32g4xx_it.c:250:6:USB_LP_IRQHandler	8	static
../Core/Src/stm32g4xx_it.c:264:6:DMA2_Channel1_IRQHandler	8	static
../Core/Src/stm32g4xx_it.c:278:6:UCPD1_IRQHandler	8	static
