../Core/Src/main.c:80:1:__io_putchar	16	static
../Core/Src/main.c:86:5:volume	24	static
../Core/Src/main.c:96:5:Read_Potentiometer	8	static
../Core/Src/main.c:106:6:HAL_GPIO_EXTI_Callback	24	static
../Core/Src/main.c:153:5:main	16	static
../Core/Src/main.c:234:6:SystemClock_Config	88	static
../Core/Src/main.c:281:13:MX_ADC1_Init	56	static
../Core/Src/main.c:349:13:MX_TIM2_Init	64	static
../Core/Src/main.c:408:13:MX_TIM3_Init	64	static
../Core/Src/main.c:471:13:MX_USART2_UART_Init	8	static
../Core/Src/main.c:519:13:MX_GPIO_Init	40	static
../Core/Src/main.c:584:6:Error_Handler	4	static,ignoring_inline_asm
