../USBPD/usbpd_vdm_user.c:123:28:USBPD_VDM_DiscoverIdentity	16	static
../USBPD/usbpd_vdm_user.c:139:28:USBPD_VDM_DiscoverSVIDs	24	static
../USBPD/usbpd_vdm_user.c:156:28:USBPD_VDM_DiscoverModes	24	static
../USBPD/usbpd_vdm_user.c:172:28:USBPD_VDM_ModeEnter	16	static
../USBPD/usbpd_vdm_user.c:188:28:USBPD_VDM_ModeExit	16	static
../USBPD/usbpd_vdm_user.c:204:13:USBPD_VDM_SendAttention	24	static
../USBPD/usbpd_vdm_user.c:220:13:USBPD_VDM_ReceiveAttention	16	static
../USBPD/usbpd_vdm_user.c:237:28:USBPD_VDM_ReceiveSpecific	24	static
../USBPD/usbpd_vdm_user.c:254:13:USBPD_VDM_InformIdentity	24	static
../USBPD/usbpd_vdm_user.c:281:13:USBPD_VDM_InformSVID	24	static
../USBPD/usbpd_vdm_user.c:308:13:USBPD_VDM_InformMode	24	static
../USBPD/usbpd_vdm_user.c:336:13:USBPD_VDM_InformModeEnter	16	static
../USBPD/usbpd_vdm_user.c:361:13:USBPD_VDM_InformModeExit	16	static
../USBPD/usbpd_vdm_user.c:390:13:USBPD_VDM_SendSpecific	24	static
../USBPD/usbpd_vdm_user.c:408:13:USBPD_VDM_InformSpecific	24	static
../USBPD/usbpd_vdm_user.c:426:13:USBPD_VDM_SendUVDM	24	static
../USBPD/usbpd_vdm_user.c:441:28:USBPD_VDM_ReceiveUVDM	24	static
../USBPD/usbpd_vdm_user.c:458:21:USBPD_VDM_UserInit	16	static
../USBPD/usbpd_vdm_user.c:470:6:USBPD_VDM_UserReset	16	static
