../USBPD/usbpd_dpm_core.c:90:21:USBPD_DPM_InitCore	16	static
../USBPD/usbpd_dpm_core.c:184:21:USBPD_DPM_InitOS	4	static
../USBPD/usbpd_dpm_core.c:281:6:USBPD_DPM_Run	16	static
../USBPD/usbpd_dpm_core.c:337:6:USBPD_DPM_TimerCounter	8	static
../USBPD/usbpd_dpm_core.c:362:13:USBPD_PE_TaskWakeUp	16	static
../USBPD/usbpd_dpm_core.c:375:13:USBPD_DPM_CADTaskWakeUp	4	static
../USBPD/usbpd_dpm_core.c:391:6:USBPD_DPM_CADCallback	16	static
../USBPD/usbpd_dpm_core.c:438:13:DPM_ManageAttachedState	16	static
